Case 1: impossible
Case 2: impossible
Case 3: impossible
Case 4: 1 2 1
Case 5: impossible
Case 6: impossible
Case 7: impossible
Case 8: 0
Case 9: impossible
Case 10: impossible
Case 11: impossible
Case 12: impossible
Case 13: impossible
Case 14: impossible
Case 15: impossible
Case 16: 2 1 1
Case 17: 0
Case 18: impossible
Case 19: 0
Case 20: impossible
Case 21: 0
Case 22: 0
Case 23: impossible
Case 24: impossible
Case 25: impossible
Case 26: impossible
Case 27: 2 1 2
Case 28: 2 1 2
Case 29: 2 1 1
Case 30: 1 1000000 1000000
Case 31: 1 1000000 1
Case 32: 1 1 1000000
